
[1m[46m RUN [49m[22m [36mv4.0.18 [39m[90mc:/Users/chiom/Desktop/VSCODE PROGRAMS/ACE/ACE-STUDY-COMPANION[39m

[90mstderr[2m | src/hooks/__tests__/useSpeechRecognition.test.jsx[2m > [22m[2museSpeechRecognition[2m > [22m[2minitializes correctly
[22m[39m[vitest] The vi.fn() mock did not use 'function' or 'class' in its implementation, see https://vitest.dev/api/vi#vi-spyon for examples.

[90mstderr[2m | src/hooks/__tests__/useSpeechRecognition.test.jsx[2m > [22m[2museSpeechRecognition[2m > [22m[2mstarts and stops listening
[22m[39m[vitest] The vi.fn() mock did not use 'function' or 'class' in its implementation, see https://vitest.dev/api/vi#vi-spyon for examples.

[90mstderr[2m | src/hooks/__tests__/useSpeechRecognition.test.jsx[2m > [22m[2museSpeechRecognition[2m > [22m[2mhandles errors
[22m[39m[vitest] The vi.fn() mock did not use 'function' or 'class' in its implementation, see https://vitest.dev/api/vi#vi-spyon for examples.

 [31m❯[39m src/hooks/__tests__/useSpeechRecognition.test.jsx [2m([22m[2m3 tests[22m[2m | [22m[31m3 failed[39m[2m)[22m[32m 61[2mms[22m[39m
[31m     [31m×[31m initializes correctly[39m[32m 46[2mms[22m[39m
[31m     [31m×[31m starts and stops listening[39m[32m 5[2mms[22m[39m
[31m     [31m×[31m handles errors[39m[32m 6[2mms[22m[39m

[31m⎯⎯⎯⎯⎯⎯⎯[39m[1m[41m Failed Tests 3 [49m[22m[31m⎯⎯⎯⎯⎯⎯⎯[39m

[41m[1m FAIL [22m[49m src/hooks/__tests__/useSpeechRecognition.test.jsx[2m > [22museSpeechRecognition[2m > [22minitializes correctly
[41m[1m FAIL [22m[49m src/hooks/__tests__/useSpeechRecognition.test.jsx[2m > [22museSpeechRecognition[2m > [22mstarts and stops listening
[41m[1m FAIL [22m[49m src/hooks/__tests__/useSpeechRecognition.test.jsx[2m > [22museSpeechRecognition[2m > [22mhandles errors
[31m[1mTypeError[22m: () => ({
      start: vi.fn(),
      stop: vi.fn(),
      continuous: false,
      interimResults: false,
     ...<omitted>...}) is not a constructor[39m
[36m [2m❯[22m src/hooks/useSpeechRecognition.js:[2m16:29[22m[39m
    [90m 14| [39m        }
    [90m 15| [39m
    [90m 16| [39m        [35mconst[39m recognition [33m=[39m [35mnew[39m [33mSpeechRecognition[39m()[33m;[39m
    [90m   | [39m                            [31m^[39m
    [90m 17| [39m        recognition[33m.[39mcontinuous [33m=[39m [35mtrue[39m[33m;[39m
    [90m 18| [39m        recognition[33m.[39minterimResults [33m=[39m [35mtrue[39m[33m;[39m
[90m [2m❯[22m Object.react_stack_bottom_frame node_modules/react-dom/cjs/react-dom-client.development.js:[2m25989:20[22m[39m
[90m [2m❯[22m runWithFiberInDEV node_modules/react-dom/cjs/react-dom-client.development.js:[2m874:13[22m[39m
[90m [2m❯[22m commitHookEffectListMount node_modules/react-dom/cjs/react-dom-client.development.js:[2m13249:29[22m[39m
[90m [2m❯[22m commitHookPassiveMountEffects node_modules/react-dom/cjs/react-dom-client.development.js:[2m13336:11[22m[39m
[90m [2m❯[22m commitPassiveMountOnFiber node_modules/react-dom/cjs/react-dom-client.development.js:[2m15484:13[22m[39m
[90m [2m❯[22m recursivelyTraversePassiveMountEffects node_modules/react-dom/cjs/react-dom-client.development.js:[2m15439:11[22m[39m
[90m [2m❯[22m commitPassiveMountOnFiber node_modules/react-dom/cjs/react-dom-client.development.js:[2m15519:11[22m[39m
[90m [2m❯[22m flushPassiveEffects node_modules/react-dom/cjs/react-dom-client.development.js:[2m18432:9[22m[39m

[31m[2m⎯⎯⎯⎯⎯⎯⎯⎯⎯⎯⎯⎯⎯⎯⎯⎯⎯⎯⎯⎯⎯⎯⎯⎯[1/3]⎯[22m[39m


[2m Test Files [22m [1m[31m1 failed[39m[22m[90m (1)[39m
[2m      Tests [22m [1m[31m3 failed[39m[22m[90m (3)[39m
[2m   Start at [22m 11:55:31
[2m   Duration [22m 3.75s[2m (transform 107ms, setup 548ms, import 81ms, tests 61ms, environment 2.58s)[22m

